// Jest Snapshot v1, https://goo.gl/fbAQLP

exports[`<ChatMessage> render without crashing 1`] = `
<div
  className="container"
  onMouseEnter={[Function]}
  onMouseLeave={[Function]}
>
  <img
    alt="Avatar"
    src=""
  />
  <div
    className="fullname"
  >
    Robin Balmforth
  </div>
  <div
    className="email"
  />
  <div
    className="message"
  >
    Hello, World!
  </div>
  <span
    className="time time-right"
  >
    2016-06-03T20:24:29Z
  </span>
</div>
`;
