// Jest Snapshot v1, https://goo.gl/fbAQLP

exports[`<App renders without crashing 1`] = `
<div
  className="AppContainer"
>
  <ChatList
    key="chatList"
  />
</div>
`;
